\BOOKMARK [1][-]{section.1}{Introduction}{}% 1
\BOOKMARK [2][-]{subsection.1.1}{Problem\040Background\040and\040Motivation}{section.1}% 2
\BOOKMARK [2][-]{subsection.1.2}{Limitations\040of\040Existing\040Methods}{section.1}% 3
\BOOKMARK [2][-]{subsection.1.3}{Our\040Approach}{section.1}% 4
\BOOKMARK [2][-]{subsection.1.4}{Contributions}{section.1}% 5
\BOOKMARK [1][-]{section.2}{Related\040Work}{}% 6
\BOOKMARK [2][-]{subsection.2.1}{Traditional\040UAV\040Interception\040Methods}{section.2}% 7
\BOOKMARK [2][-]{subsection.2.2}{Multi-Agent\040Reinforcement\040Learning}{section.2}% 8
\BOOKMARK [2][-]{subsection.2.3}{Transformer\040in\040MARL}{section.2}% 9
\BOOKMARK [2][-]{subsection.2.4}{Hybrid\040Planning\040+\040Learning}{section.2}% 10
\BOOKMARK [1][-]{section.3}{Problem\040Formulation}{}% 11
\BOOKMARK [2][-]{subsection.3.1}{Scenario\040Description}{section.3}% 12
\BOOKMARK [2][-]{subsection.3.2}{Dubins\040Path\040Planning\040Preliminaries}{section.3}% 13
\BOOKMARK [2][-]{subsection.3.3}{Dec-POMDP\040Formulation}{section.3}% 14
\BOOKMARK [1][-]{section.4}{Proposed\040Method}{}% 15
\BOOKMARK [2][-]{subsection.4.1}{Overall\040Framework}{section.4}% 16
\BOOKMARK [2][-]{subsection.4.2}{Candidate\040Intercept\040Point\040Construction}{section.4}% 17
\BOOKMARK [3][-]{subsubsection.4.2.1}{Topology-aware\040Discrete\040Point\040Sampling}{subsection.4.2}% 18
\BOOKMARK [3][-]{subsubsection.4.2.2}{IsoMap\040Time\040Field\040Construction}{subsection.4.2}% 19
\BOOKMARK [3][-]{subsubsection.4.2.3}{Candidate\040Evaluation}{subsection.4.2}% 20
\BOOKMARK [2][-]{subsection.4.3}{MARL-based\040Intercept\040Point\040Selection}{section.4}% 21
\BOOKMARK [3][-]{subsubsection.4.3.1}{CTDE\040Paradigm}{subsection.4.3}% 22
\BOOKMARK [3][-]{subsubsection.4.3.2}{Transformer-based\040Policy\040Network\040\(CQN\)}{subsection.4.3}% 23
\BOOKMARK [3][-]{subsubsection.4.3.3}{Ego-centric\040Observation\040Construction}{subsection.4.3}% 24
\BOOKMARK [3][-]{subsubsection.4.3.4}{Reward\040Function}{subsection.4.3}% 25
\BOOKMARK [2][-]{subsection.4.4}{Training\040with\040MAPPO}{section.4}% 26
\BOOKMARK [1][-]{section.5}{Experiments}{}% 27
\BOOKMARK [2][-]{subsection.5.1}{Experimental\040Setup}{section.5}% 28
\BOOKMARK [2][-]{subsection.5.2}{Comparison\040Experiments}{section.5}% 29
\BOOKMARK [2][-]{subsection.5.3}{Scalability\040Experiment}{section.5}% 30
\BOOKMARK [2][-]{subsection.5.4}{Robustness\040to\040Fake\040Attacks}{section.5}% 31
\BOOKMARK [2][-]{subsection.5.5}{Environment\040Complexity}{section.5}% 32
\BOOKMARK [2][-]{subsection.5.6}{Ablation\040Study}{section.5}% 33
\BOOKMARK [2][-]{subsection.5.7}{Qualitative\040Results}{section.5}% 34
\BOOKMARK [1][-]{section.6}{Conclusion}{}% 35
\BOOKMARK [1][-]{section*.1}{References}{}% 36
